// Jest Snapshot v1, https://goo.gl/fbAQLP

exports[`props defaultProps should match 1`] = `
Object {
  "BitmapText": Object {
    "align": "left",
    "alpha": 1,
    "anchor": 0,
    "angle": 0,
    "buttonMode": false,
    "cacheAsBitmap": false,
    "cursor": "auto",
    "interactive": false,
    "interactiveChildren": true,
    "letterSpacing": 0,
    "maxWidth": 0,
    "pivot": 0,
    "position": 0,
    "renderable": true,
    "rotation": 0,
    "roundPixels": false,
    "scale": 1,
    "skew": 0,
    "text": "",
    "tint": 16777215,
    "visible": true,
    "x": 0,
    "y": 0,
  },
  "Container": Object {
    "alpha": 1,
    "angle": 0,
    "buttonMode": false,
    "cacheAsBitmap": false,
    "cursor": "auto",
    "interactive": false,
    "interactiveChildren": true,
    "pivot": 0,
    "position": 0,
    "renderable": true,
    "rotation": 0,
    "scale": 1,
    "skew": 0,
    "visible": true,
    "x": 0,
    "y": 0,
  },
  "Graphics": Object {
    "alpha": 1,
    "angle": 0,
    "blendMode": 0,
    "buttonMode": false,
    "cacheAsBitmap": false,
    "cursor": "auto",
    "interactive": false,
    "interactiveChildren": true,
    "pivot": 0,
    "pluginName": "batch",
    "position": 0,
    "renderable": true,
    "rotation": 0,
    "scale": 1,
    "skew": 0,
    "tint": 16777215,
    "visible": true,
    "x": 0,
    "y": 0,
  },
  "ParticleContainer": Object {
    "alpha": 1,
    "angle": 0,
    "autoResize": false,
    "batchSize": 16384,
    "blendMode": 0,
    "buttonMode": false,
    "cacheAsBitmap": false,
    "cursor": "auto",
    "interactive": false,
    "interactiveChildren": true,
    "maxSize": 1500,
    "pivot": 0,
    "position": 0,
    "renderable": true,
    "rotation": 0,
    "roundPixels": true,
    "scale": 1,
    "skew": 0,
    "tint": 16777215,
    "visible": true,
    "x": 0,
    "y": 0,
  },
  "Sprite": Object {
    "alpha": 1,
    "anchor": 0,
    "angle": 0,
    "blendMode": 0,
    "buttonMode": false,
    "cacheAsBitmap": false,
    "cursor": "auto",
    "interactive": false,
    "interactiveChildren": true,
    "pivot": 0,
    "pluginName": "batch",
    "position": 0,
    "renderable": true,
    "rotation": 0,
    "roundPixels": false,
    "scale": 1,
    "skew": 0,
    "tint": 16777215,
    "visible": true,
    "x": 0,
    "y": 0,
  },
  "Text": Object {
    "alpha": 1,
    "anchor": 0,
    "angle": 0,
    "blendMode": 0,
    "buttonMode": false,
    "cacheAsBitmap": false,
    "cursor": "auto",
    "interactive": false,
    "interactiveChildren": true,
    "pivot": 0,
    "pluginName": "batch",
    "position": 0,
    "renderable": true,
    "resolution": 1,
    "rotation": 0,
    "roundPixels": false,
    "scale": 1,
    "skew": 0,
    "text": "",
    "tint": 16777215,
    "visible": true,
    "x": 0,
    "y": 0,
  },
  "TilingSprite": Object {
    "alpha": 1,
    "anchor": 0,
    "angle": 0,
    "blendMode": 0,
    "buttonMode": false,
    "cacheAsBitmap": false,
    "clampMargin": 0.5,
    "cursor": "auto",
    "interactive": false,
    "interactiveChildren": true,
    "pivot": 0,
    "pluginName": "batch",
    "position": 0,
    "renderable": true,
    "rotation": 0,
    "roundPixels": false,
    "scale": 1,
    "skew": 0,
    "tint": 16777215,
    "uvRespectAnchor": false,
    "visible": true,
    "x": 0,
    "y": 0,
  },
}
`;
